[{"title":"Cat's Cradle","author":"K V"},{"title":"Cat's Cradle","author":"K V"}]