[Book[title=Cat's Cradle, author=K Vonnegut], Book[title=Julian, author=G Vidal]]